MariaDB [(none)]> create database Covid_Project;
Query OK, 1 row affected (0.002 sec)

MariaDB [(none)]> show databases;
+--------------------+
| Database           |
+--------------------+
| adventure_works    |
| classroom          |
| covid_project      |
| information_schema |
| mysql              |
| performance_schema |
| phpmyadmin         |
| tcs                |
| test               |
+--------------------+
9 rows in set (0.001 sec)

MariaDB [(none)]> use covid_project;
Database changed
MariaDB [covid_project]> create table covid_death (iso_code varchar(30),continent varchar(30),location varchar(30),date date,population double, total_cases double,new_cases double,new_cases-smoothed float,total_deaths double,new_deaths double,new_deaths_smoothed float,total_cases_per_million float,new_cases_per_million float,new_cases_smoothed_per_million float,total_deaths_per_million float,new_deaths_per_million float,new_deaths_smoothed_per_million float,reproduction_rate float,icu_patients double,icu_patients_per_million float,hosp_patients double,hosp_patients_per_million float,weekly_icu_admissions double,weekly_icu_admissions_per_million float,weekly_hosp_admissions double,weekly_hosp_admission_per_million float;
ERROR 1064 (42000): You have an error in your SQL syntax; check the manual that corresponds to your MariaDB server version for the right syntax to use near '-smoothed float,total_deaths double,new_deaths double,new_deaths_smoothed flo...' at line 1
MariaDB [covid_project]> create table covid_death (iso_code varchar(30),continent varchar(30),location varchar(30),date date,population double, total_cases double,new_cases double,new_cases_smoothed float,total_deaths double,new_deaths double,new_deaths_smoothed float,total_cases_per_million float,new_cases_per_million float,new_cases_smoothed_per_million float,total_deaths_per_million float,new_deaths_per_million float,new_deaths_smoothed_per_million float,reproduction_rate float,icu_patients double,icu_patients_per_million float,hosp_patients double,hosp_patients_per_million float,weekly_icu_admissions double,weekly_icu_admissions_per_million float,weekly_hosp_admissions double,weekly_hosp_admission_per_million float;
ERROR 1064 (42000): You have an error in your SQL syntax; check the manual that corresponds to your MariaDB server version for the right syntax to use near '' at line 1
MariaDB [covid_project]> create table covid_death (iso_code varchar(30),continent varchar(30),location varchar(30),date date,population double, total_cases double,new_cases double,new_cases_smoothed float,total_deaths double,new_deaths double,new_deaths_smoothed float,total_cases_per_million float,new_cases_per_million float,new_cases_smoothed_per_million float,total_deaths_per_million float,new_deaths_per_million float,new_deaths_smoothed_per_million float,reproduction_rate float,icu_patients double,icu_patients_per_million float,hosp_patients double,hosp_patients_per_million float,weekly_icu_admissions double,weekly_icu_admissions_per_million float,weekly_hosp_admissions double,weekly_hosp_admission_per_million float);
Query OK, 0 rows affected (0.026 sec)

MariaDB [covid_project]> desc covid_death;
+-----------------------------------+-------------+------+-----+---------+-------+
| Field                             | Type        | Null | Key | Default | Extra |
+-----------------------------------+-------------+------+-----+---------+-------+
| iso_code                          | varchar(30) | YES  |     | NULL    |       |
| continent                         | varchar(30) | YES  |     | NULL    |       |
| location                          | varchar(30) | YES  |     | NULL    |       |
| date                              | date        | YES  |     | NULL    |       |
| population                        | double      | YES  |     | NULL    |       |
| total_cases                       | double      | YES  |     | NULL    |       |
| new_cases                         | double      | YES  |     | NULL    |       |
| new_cases_smoothed                | float       | YES  |     | NULL    |       |
| total_deaths                      | double      | YES  |     | NULL    |       |
| new_deaths                        | double      | YES  |     | NULL    |       |
| new_deaths_smoothed               | float       | YES  |     | NULL    |       |
| total_cases_per_million           | float       | YES  |     | NULL    |       |
| new_cases_per_million             | float       | YES  |     | NULL    |       |
| new_cases_smoothed_per_million    | float       | YES  |     | NULL    |       |
| total_deaths_per_million          | float       | YES  |     | NULL    |       |
| new_deaths_per_million            | float       | YES  |     | NULL    |       |
| new_deaths_smoothed_per_million   | float       | YES  |     | NULL    |       |
| reproduction_rate                 | float       | YES  |     | NULL    |       |
| icu_patients                      | double      | YES  |     | NULL    |       |
| icu_patients_per_million          | float       | YES  |     | NULL    |       |
| hosp_patients                     | double      | YES  |     | NULL    |       |
| hosp_patients_per_million         | float       | YES  |     | NULL    |       |
| weekly_icu_admissions             | double      | YES  |     | NULL    |       |
| weekly_icu_admissions_per_million | float       | YES  |     | NULL    |       |
| weekly_hosp_admissions            | double      | YES  |     | NULL    |       |
| weekly_hosp_admission_per_million | float       | YES  |     | NULL    |       |
+-----------------------------------+-------------+------+-----+---------+-------+
26 rows in set (0.018 sec)

MariaDB [covid_project]>
MariaDB [covid_project]> create table covid_vaccination(iso_code varchar(40),continent varchar(40) ,location varchar(40), date date ,new_tests int,total_tests double,total_test_per_thousand float,new_tests_per_thousand float,new_tests_smoothed double,new_tests_smoothed_per_thousands int,Positive_rate float,test_per_case float,test_units varchar(40),total_vacination int,people_vaccinated int,people_fully_vaccinated int,new_vaccination int,new_vaccination_smoothed int,total_vaccination_per_hundred float,people_vaccinated_per_hundred float,people_fully_vaccinated_per_hundred float,new_vaccinations_smoothed_per_million float,stringency_index float,population_density float,median_age int,aged_65_older float,aged_70_older float,gdp_per_capita float,extreme_poverty float,cardiovasc_death_rate float,diabetes_pervalence float,female_smokers float,male_smokers float,handwashing_facilities float,beds_per_thousands float,life_expactancy float,human_development_index float);
Query OK, 0 rows affected (0.032 sec)
MariaDB [covid_project]> load data infile "D:\\My_Projects\\CovidDeaths.csv" into table covid_death  fields terminated by ',' enclosed by '"' lines terminated by '\n' ignore 1 rows;
Query OK, 85171 rows affected, 65535 warnings (1.547 sec)
Records: 85171  Deleted: 0  Skipped: 0  Warnings: 726892
MariaDB [covid_project]> load data infile "D:\\My_Projects\\covid_vaccination.csv" into table covid_vaccination  fields terminated by ',' enclosed by '"' lines terminated by '\n' ignore 1 rows;
Query OK, 85171 rows affected, 65535 warnings (2.246 sec)
Records: 85171  Deleted: 0  Skipped: 0  Warnings: 1330930
MariaDB [covid_project]> select location,date,total_cases,new_cases,total_deaths,population from covid_death where continent!=' ' order by location,date limit 10;
+-------------+------------+-------------+-----------+--------------+------------+
| location    | date       | total_cases | new_cases | total_deaths | population |
+-------------+------------+-------------+-----------+--------------+------------+
| Afghanistan | 2020-02-24 |           1 |         1 |            0 |   38928341 |
| Afghanistan | 2020-02-25 |           1 |         0 |            0 |   38928341 |
| Afghanistan | 2020-02-26 |           1 |         0 |            0 |   38928341 |
| Afghanistan | 2020-02-27 |           1 |         0 |            0 |   38928341 |
| Afghanistan | 2020-02-28 |           1 |         0 |            0 |   38928341 |
| Afghanistan | 2020-02-29 |           1 |         0 |            0 |   38928341 |
| Afghanistan | 2020-03-01 |           1 |         0 |            0 |   38928341 |
| Afghanistan | 2020-03-02 |           1 |         0 |            0 |   38928341 |
| Afghanistan | 2020-03-03 |           2 |         1 |            0 |   38928341 |
| Afghanistan | 2020-03-04 |           4 |         2 |            0 |   38928341 |
+-------------+------------+-------------+-----------+--------------+------------+
10 rows in set (0.112 sec)

MariaDB [covid_project]> select location,date,total_cases , total_deaths,(total_deaths/total_cases)*100 as death_percentage from covid_death where location like '%india%' and continent !=' ' limit 100;
+----------+------------+-------------+--------------+--------------------+
| location | date       | total_cases | total_deaths | death_percentage   |
+----------+------------+-------------+--------------+--------------------+
| India    | 2020-01-30 |           1 |            0 |                  0 |
| India    | 2020-01-31 |           1 |            0 |                  0 |
| India    | 2020-02-01 |           1 |            0 |                  0 |
| India    | 2020-02-02 |           2 |            0 |                  0 |
| India    | 2020-02-03 |           3 |            0 |                  0 |
| India    | 2020-02-04 |           3 |            0 |                  0 |
| India    | 2020-02-05 |           3 |            0 |                  0 |
| India    | 2020-02-06 |           3 |            0 |                  0 |
| India    | 2020-02-07 |           3 |            0 |                  0 |
| India    | 2020-02-08 |           3 |            0 |                  0 |
| India    | 2020-02-09 |           3 |            0 |                  0 |
| India    | 2020-02-10 |           3 |            0 |                  0 |
| India    | 2020-02-11 |           3 |            0 |                  0 |
| India    | 2020-02-12 |           3 |            0 |                  0 |
| India    | 2020-02-13 |           3 |            0 |                  0 |
| India    | 2020-02-14 |           3 |            0 |                  0 |
| India    | 2020-02-15 |           3 |            0 |                  0 |
| India    | 2020-02-16 |           3 |            0 |                  0 |
| India    | 2020-02-17 |           3 |            0 |                  0 |
| India    | 2020-02-18 |           3 |            0 |                  0 |
| India    | 2020-02-19 |           3 |            0 |                  0 |
| India    | 2020-02-20 |           3 |            0 |                  0 |
| India    | 2020-02-21 |           3 |            0 |                  0 |
| India    | 2020-02-22 |           3 |            0 |                  0 |
| India    | 2020-02-23 |           3 |            0 |                  0 |
| India    | 2020-02-24 |           3 |            0 |                  0 |
| India    | 2020-02-25 |           3 |            0 |                  0 |
| India    | 2020-02-26 |           3 |            0 |                  0 |
| India    | 2020-02-27 |           3 |            0 |                  0 |
| India    | 2020-02-28 |           3 |            0 |                  0 |
| India    | 2020-02-29 |           3 |            0 |                  0 |
| India    | 2020-03-01 |           3 |            0 |                  0 |
| India    | 2020-03-02 |           5 |            0 |                  0 |
| India    | 2020-03-03 |           5 |            0 |                  0 |
| India    | 2020-03-04 |          28 |            0 |                  0 |
| India    | 2020-03-05 |          30 |            0 |                  0 |
| India    | 2020-03-06 |          31 |            0 |                  0 |
| India    | 2020-03-07 |          34 |            0 |                  0 |
| India    | 2020-03-08 |          39 |            0 |                  0 |
| India    | 2020-03-09 |          43 |            0 |                  0 |
| India    | 2020-03-10 |          56 |            0 |                  0 |
| India    | 2020-03-11 |          62 |            1 | 1.6129032258064515 |
| India    | 2020-03-12 |          73 |            1 |   1.36986301369863 |
| India    | 2020-03-13 |          82 |            2 | 2.4390243902439024 |
| India    | 2020-03-14 |         102 |            2 | 1.9607843137254901 |
| India    | 2020-03-15 |         113 |            2 | 1.7699115044247788 |
| India    | 2020-03-16 |         119 |            2 |  1.680672268907563 |
| India    | 2020-03-17 |         142 |            3 |  2.112676056338028 |
| India    | 2020-03-18 |         156 |            3 | 1.9230769230769231 |
| India    | 2020-03-19 |         194 |            4 | 2.0618556701030926 |
| India    | 2020-03-20 |         244 |            5 | 2.0491803278688523 |
| India    | 2020-03-21 |         330 |            4 | 1.2121212121212122 |
| India    | 2020-03-22 |         396 |            7 | 1.7676767676767675 |
| India    | 2020-03-23 |         499 |           10 |  2.004008016032064 |
| India    | 2020-03-24 |         536 |           10 | 1.8656716417910446 |
| India    | 2020-03-25 |         657 |           12 |   1.82648401826484 |
| India    | 2020-03-26 |         727 |           20 | 2.7510316368638237 |
| India    | 2020-03-27 |         887 |           20 |  2.254791431792559 |
| India    | 2020-03-28 |         987 |           24 |   2.43161094224924 |
| India    | 2020-03-29 |        1024 |           27 |         2.63671875 |
| India    | 2020-03-30 |        1251 |           32 | 2.5579536370903275 |
| India    | 2020-03-31 |        1397 |           35 |  2.505368647100931 |
| India    | 2020-04-01 |        1998 |           58 |  2.902902902902903 |
| India    | 2020-04-02 |        2543 |           72 | 2.8313016122689736 |
| India    | 2020-04-03 |        2567 |           72 | 2.8048305414881183 |
| India    | 2020-04-04 |        3082 |           86 |  2.790395846852693 |
| India    | 2020-04-05 |        3588 |           99 | 2.7591973244147154 |
| India    | 2020-04-06 |        4778 |          136 | 2.8463792381749684 |
| India    | 2020-04-07 |        5311 |          150 |  2.824326868762945 |
| India    | 2020-04-08 |        5916 |          178 |  3.008789722785666 |
| India    | 2020-04-09 |        6725 |          226 |  3.360594795539033 |
| India    | 2020-04-10 |        7598 |          246 | 3.2376941300342197 |
| India    | 2020-04-11 |        8446 |          288 |  3.409898176651669 |
| India    | 2020-04-12 |        9205 |          331 | 3.5958718087995654 |
| India    | 2020-04-13 |       10453 |          358 |  3.424854108868267 |
| India    | 2020-04-14 |       11487 |          393 |  3.421258814311831 |
| India    | 2020-04-15 |       12322 |          405 |   3.28680409024509 |
| India    | 2020-04-16 |       13430 |          448 | 3.3358153387937453 |
| India    | 2020-04-17 |       14352 |          486 |   3.38628762541806 |
| India    | 2020-04-18 |       15722 |          521 | 3.3138277572827883 |
| India    | 2020-04-19 |       17615 |          559 | 3.1734317343173433 |
| India    | 2020-04-20 |       18539 |          592 | 3.1932682453206755 |
| India    | 2020-04-21 |       20080 |          645 |  3.212151394422311 |
| India    | 2020-04-22 |       21370 |          681 |  3.186710341600375 |
| India    | 2020-04-23 |       23077 |          721 | 3.1243229189236037 |
| India    | 2020-04-24 |       24530 |          780 | 3.1797798613942114 |
| India    | 2020-04-25 |       26283 |          825 | 3.1389110832096794 |
| India    | 2020-04-26 |       27890 |          881 |  3.158838293295088 |
| India    | 2020-04-27 |       29451 |          939 |  3.188346745441581 |
| India    | 2020-04-28 |       31324 |         1008 |  3.217979823777296 |
| India    | 2020-04-29 |       33062 |         1079 |  3.263565422539471 |
| India    | 2020-04-30 |       34863 |         1154 | 3.3100995324556117 |
| India    | 2020-05-01 |       37257 |         1223 | 3.2826046112140004 |
| India    | 2020-05-02 |       39699 |         1323 | 3.3325776467921107 |
| India    | 2020-05-03 |       42505 |         1391 | 3.2725561698623693 |
| India    | 2020-05-04 |       46437 |         1566 | 3.3723108727954005 |
| India    | 2020-05-05 |       49400 |         1693 |  3.427125506072874 |
| India    | 2020-05-06 |       52987 |         1785 | 3.3687508256742222 |
| India    | 2020-05-07 |       56351 |         1889 |   3.35220315522351 |
| India    | 2020-05-08 |       59695 |         1985 |  3.325236619482369 |
+----------+------------+-------------+--------------+--------------------+
100 rows in set (0.047 sec)
MariaDB [covid_project]> select location,population,max(total_cases) as Highest_infected_count,Max((total_cases/population))*100 as percent_population_infected from covid_death group by location,population order by percent_population_infected desc limit 10;
+---------------+------------+------------------------+-----------------------------+
| location      | population | Highest_infected_count | percent_population_infected |
+---------------+------------+------------------------+-----------------------------+
| Andorra       |      77265 |                  13232 |          17.125477253607713 |
| Montenegro    |     628062 |                  97389 |          15.506271673815641 |
| Czechia       |   10708982 |                1630758 |           15.22794603632726 |
| San Marino    |      33938 |                   5066 |           14.92722022511639 |
| Slovenia      |    2078932 |                 240292 |          11.558434811720634 |
| Luxembourg    |     625976 |                  67205 |          10.736034608355592 |
| Bahrain       |    1701583 |                 176934 |          10.398199793956568 |
| Serbia        |    6804596 |                 689557 |          10.133694932072382 |
| United States |  331002647 |               32346971 |           9.772420641699581 |
| Israel        |    8655541 |                 838481 |           9.687216547180586 |
+---------------+------------+------------------------+-----------------------------+
10 rows in set (0.145 sec)
MariaDB [covid_project]> select continent, location,Max(total_deaths) as total_death_count from covid_death where continent !=' ' group by continent order by total_death_count desc limit 10;
+---------------+-------------+-------------------+
| continent     | location    | total_death_count |
+---------------+-------------+-------------------+
| North America | Anguilla    |            576232 |
| South America | Argentina   |            403781 |
| Asia          | Afghanistan |            211853 |
| Europe        | Albania     |            127775 |
| Africa        | Algeria     |             54350 |
| Oceania       | Australia   |               910 |
+---------------+-------------+-------------------+
6 rows in set (0.139 sec)


